syscalls.c:49:6:ITM_SendChar	0	static
syscalls.c:79:6:initialise_monitor_handles	0	static
syscalls.c:83:5:_getpid	0	static
syscalls.c:88:5:_kill	8	static
syscalls.c:94:6:_exit	8	static
syscalls.c:100:27:_read	16	static
syscalls.c:112:27:_write	16	static
syscalls.c:124:5:_close	0	static
syscalls.c:130:5:_fstat	0	static
syscalls.c:136:5:_isatty	0	static
syscalls.c:141:5:_lseek	0	static
syscalls.c:146:5:_open	0	static
syscalls.c:152:5:_wait	8	static
syscalls.c:158:5:_unlink	8	static
syscalls.c:164:5:_times	0	static
syscalls.c:169:5:_stat	0	static
syscalls.c:175:5:_link	8	static
syscalls.c:181:5:_fork	8	static
syscalls.c:187:5:_execve	8	static
