07:36:43 **** Build of configuration Debug for project 013LedToggleMacros ****
make -j8 all 
arm-none-eabi-gcc -mcpu=cortex-m4 -g3 -c -x assembler-with-cpp -MMD -MP -MF"Startup/startup_stm32f407vgtx.d" -MT"Startup/startup_stm32f407vgtx.o" --specs=nano.specs -mfloat-abi=soft -mthumb -o "Startup/startup_stm32f407vgtx.o" "../Startup/startup_stm32f407vgtx.s"
arm-none-eabi-gcc "../Src/main.c" -mcpu=cortex-m4 -std=gnu11 -g3 -DSTM32 -DSTM32F407G_DISC1 -DSTM32F4 -DSTM32F407VGTx -DDEBUG -c -I../Inc -O0 -ffunction-sections -fdata-sections -Wall -fstack-usage -MMD -MP -MF"Src/main.d" -MT"Src/main.o" --specs=nano.specs -mfloat-abi=soft -mthumb -o "Src/main.o"
arm-none-eabi-gcc "../Src/syscalls.c" -mcpu=cortex-m4 -std=gnu11 -g3 -DSTM32 -DSTM32F407G_DISC1 -DSTM32F4 -DSTM32F407VGTx -DDEBUG -c -I../Inc -O0 -ffunction-sections -fdata-sections -Wall -fstack-usage -MMD -MP -MF"Src/syscalls.d" -MT"Src/syscalls.o" --specs=nano.specs -mfloat-abi=soft -mthumb -o "Src/syscalls.o"
arm-none-eabi-gcc "../Src/sysmem.c" -mcpu=cortex-m4 -std=gnu11 -g3 -DSTM32 -DSTM32F407G_DISC1 -DSTM32F4 -DSTM32F407VGTx -DDEBUG -c -I../Inc -O0 -ffunction-sections -fdata-sections -Wall -fstack-usage -MMD -MP -MF"Src/sysmem.d" -MT"Src/sysmem.o" --specs=nano.specs -mfloat-abi=soft -mthumb -o "Src/sysmem.o"
arm-none-eabi-gcc -o "013LedToggleMacros.elf" @"objects.list"   -mcpu=cortex-m4 -T"C:\code\Embedded-C\My_workspace\target\013LedToggleMacros\STM32F407VGTX_FLASH.ld" --specs=nosys.specs -Wl,-Map="013LedToggleMacros.map" -Wl,--gc-sections -static --specs=nano.specs -mfloat-abi=soft -mthumb -Wl,--start-group -lc -lm -Wl,--end-group
Finished building target: 013LedToggleMacros.elf
 
arm-none-eabi-size   013LedToggleMacros.elf 
arm-none-eabi-objdump -h -S  013LedToggleMacros.elf  > "013LedToggleMacros.list"
arm-none-eabi-objcopy  -O binary  013LedToggleMacros.elf  "013LedToggleMacros.bin"
   text	   data	    bss	    dec	    hex	filename
    788	      8	   1568	   2364	    93c	013LedToggleMacros.elf
Finished building: default.size.stdout
 
Finished building: 013LedToggleMacros.list
Finished building: 013LedToggleMacros.bin
 
 
07:37:36 **** Incremental Build of configuration Debug for project 013LedToggleMacros ****
make -j8 all 
arm-none-eabi-size   013LedToggleMacros.elf 
   text	   data	    bss	    dec	    hex	filename
    788	      8	   1568	   2364	    93c	013LedToggleMacros.elf
Finished building: default.size.stdout
 
