04:27:11 **** Incremental Build of configuration Debug for project pin_read_exercise ****
make -j8 all 
arm-none-eabi-gcc "../Src/main.c" -mcpu=cortex-m4 -std=gnu11 -g3 -DSTM32 -DSTM32F407G_DISC1 -DSTM32F4 -DSTM32F407VGTx -DDEBUG -c -I../Inc -O3 -ffunction-sections -fdata-sections -Wall -fstack-usage -MMD -MP -MF"Src/main.d" -MT"Src/main.o" --specs=nano.specs -mfloat-abi=soft -mthumb -o "Src/main.o"
arm-none-eabi-gcc "../Src/syscalls.c" -mcpu=cortex-m4 -std=gnu11 -g3 -DSTM32 -DSTM32F407G_DISC1 -DSTM32F4 -DSTM32F407VGTx -DDEBUG -c -I../Inc -O3 -ffunction-sections -fdata-sections -Wall -fstack-usage -MMD -MP -MF"Src/syscalls.d" -MT"Src/syscalls.o" --specs=nano.specs -mfloat-abi=soft -mthumb -o "Src/syscalls.o"
arm-none-eabi-gcc "../Src/sysmem.c" -mcpu=cortex-m4 -std=gnu11 -g3 -DSTM32 -DSTM32F407G_DISC1 -DSTM32F4 -DSTM32F407VGTx -DDEBUG -c -I../Inc -O3 -ffunction-sections -fdata-sections -Wall -fstack-usage -MMD -MP -MF"Src/sysmem.d" -MT"Src/sysmem.o" --specs=nano.specs -mfloat-abi=soft -mthumb -o "Src/sysmem.o"
arm-none-eabi-gcc -o "pin_read_exercise.elf" @"objects.list"   -mcpu=cortex-m4 -T"C:\code\Embedded-C\My_workspace\target\pin_read_exercise\STM32F407VGTX_FLASH.ld" --specs=nosys.specs -Wl,-Map="pin_read_exercise.map" -Wl,--gc-sections -static --specs=nano.specs -mfloat-abi=soft -mthumb -Wl,--start-group -lc -lm -Wl,--end-group
Finished building target: pin_read_exercise.elf
 
arm-none-eabi-objdump -h -S  pin_read_exercise.elf  > "pin_read_exercise.list"
arm-none-eabi-objcopy  -O binary  pin_read_exercise.elf  "pin_read_exercise.bin"
arm-none-eabi-size   pin_read_exercise.elf 
   text	   data	    bss	    dec	    hex	filename
    780	      8	   1568	   2356	    934	pin_read_exercise.elf
Finished building: default.size.stdout
 
Finished building: pin_read_exercise.list
Finished building: pin_read_exercise.bin
 
 

04:27:12 Build Finished. 0 errors, 0 warnings. (took 659ms)

